14:11:11.583 [main] INFO  com.stopping.ExcelToDBApplication - Starting ExcelToDBApplication using Java 1.8.0_321 on DESKTOP-QGOJFOS with PID 17800 (D:\code\excel-to-database\target\classes started by Administrator in D:\code\excel-to-database)
14:11:11.588 [main] INFO  com.stopping.ExcelToDBApplication - No active profile set, falling back to default profiles: default
14:11:12.372 [main] INFO  o.s.b.w.e.tomcat.TomcatWebServer - Tomcat initialized with port(s): 8080 (http)
14:11:12.378 [main] INFO  o.a.coyote.http11.Http11NioProtocol - Initializing ProtocolHandler ["http-nio-8080"]
14:11:12.379 [main] INFO  o.a.catalina.core.StandardService - Starting service [Tomcat]
14:11:12.379 [main] INFO  o.a.catalina.core.StandardEngine - Starting Servlet engine: [Apache Tomcat/9.0.48]
14:11:12.431 [main] INFO  o.a.c.c.C.[Tomcat].[localhost].[/] - Initializing Spring embedded WebApplicationContext
14:11:12.431 [main] INFO  o.s.b.w.s.c.ServletWebServerApplicationContext - Root WebApplicationContext: initialization completed in 806 ms
14:11:12.497 [main] INFO  o.a.catalina.core.StandardService - Stopping service [Tomcat]
14:11:12.515 [main] INFO  o.s.b.a.l.ConditionEvaluationReportLoggingListener - 

Error starting ApplicationContext. To display the conditions report re-run your application with 'debug' enabled.
14:12:05.048 [main] INFO  com.stopping.ExcelToDBApplication - Starting ExcelToDBApplication using Java 1.8.0_321 on DESKTOP-QGOJFOS with PID 4640 (D:\code\excel-to-database\target\classes started by Administrator in D:\code\excel-to-database)
14:12:05.053 [main] INFO  com.stopping.ExcelToDBApplication - No active profile set, falling back to default profiles: default
14:12:05.975 [main] INFO  o.s.b.w.e.tomcat.TomcatWebServer - Tomcat initialized with port(s): 8080 (http)
14:12:05.982 [main] INFO  o.a.coyote.http11.Http11NioProtocol - Initializing ProtocolHandler ["http-nio-8080"]
14:12:05.983 [main] INFO  o.a.catalina.core.StandardService - Starting service [Tomcat]
14:12:05.983 [main] INFO  o.a.catalina.core.StandardEngine - Starting Servlet engine: [Apache Tomcat/9.0.48]
14:12:06.047 [main] INFO  o.a.c.c.C.[Tomcat].[localhost].[/] - Initializing Spring embedded WebApplicationContext
14:12:06.047 [main] INFO  o.s.b.w.s.c.ServletWebServerApplicationContext - Root WebApplicationContext: initialization completed in 944 ms
14:12:09.139 [main] INFO  o.a.coyote.http11.Http11NioProtocol - Starting ProtocolHandler ["http-nio-8080"]
14:12:09.151 [main] INFO  o.s.b.w.e.tomcat.TomcatWebServer - Tomcat started on port(s): 8080 (http) with context path ''
14:12:09.160 [main] INFO  com.stopping.ExcelToDBApplication - Started ExcelToDBApplication in 4.543 seconds (JVM running for 6.965)
